[web/index8c67.html]
[backblue.gif]
[fade.gif]
[index.html]
[web/reviews.html]
[web/index.html]
[web/horsebetting-comparison.html]
[web/articles.html]
[web/terms.html]
[web/zebet.html]
[web/vbet.html]
[web/betstars.html]
[web/betclic.html]
[web/pmuspbfrreview.html]
[web/winamax.html]
[web/netbetsportspbfrreview.html]
[web/france-pari.html]
[web/parionswebspbfrreview.html]
[web/unibetspbfrreview.html]
[web/privacy.html]
[web/cookie.html]
[web/about.html]
[web/index8c67.html]
[web/index.html]
[web/sitemap.html]
[web/index-2.html]
[web/pokerstars.html]
[web/reviews.html]
[web/bwinspbfrreview.html]
[web/le-guide-du-pari-sportif-article.html]
[web/comment-choisir-le-meilleur-site-de-paris-sportifs-article.html]
[web/horsebetting-comparison.html]
[web/comprendre-les-paris-sur-les-sports-mecaniques-article.html]
[web/poker-quand-les-stars-du-sport-abattent-leurs-cartes.html]
[web/la-folie-nba-dans-le-monde-des-paris-en-ligne.html]
[web/competitions-internationales-lapogee-des-paris-sportifs.html]
[web/ce-quil-faut-faire-et-ne-pas-faire-dans-les-paris-sportifs-article.html]
[web/les-avantages-des-paris-en-ligne-article.html]
[web/lhistoire-des-paris-sportifs-article.html]
[web/comprendre-les-paris-sur-les-courses-hippiques-article.html]
[web/comprendre-les-paris-sur-le-snooker-article.html]
[web/comprendre-les-paris-sur-le-football-americain-article.html]
[web/strategies-de-paris-a-long-terme-article.html]
[web/2.html]
[web/articles.html]
[web/terms.html]
[web/visitc520.html]
[web/zebet.html]
[web/visit8c7d.html]
[web/vbet.html]
[web/visitdd55.html]
[web/betstars.html]
[web/visit6533.html]
[web/betclic.html]
[web/visit901c.html]
[web/pmuspbfrreview-2.html]
[web/pmuspbfrreview.html]
[web/visit81f2.html]
[web/winamax.html]
[web/visitc4d7.html]
[web/netbetsportspbfrreview.html]
[web/visit6162.html]
[web/france-pari.html]
[web/visit5a34.html]
[web/parionswebspbfrreview.html]
[web/visit8b01.html]
[web/unibetspbfrreview.html]
[web/privacy.html]
[web/cookie.html]
[web/about.html]
[web/cross-poker.html]
[web/bwin-poker.html]
[web/unibet-poker.html]
[web/winamax-poker.html]
[web/pmu-poker.html]
[web/featurecomparison.html]
[web/la-strategie-de-paris-combine-ou-parlay-article.html]
[web/comprendre-les-paris-sur-le-golf-article.html]
[web/larbitrage-de-paris-sportifs-article.html]
[web/comprendre-les-paris-sur-le-rugby-uide-et-conseils-article.html]
[web/comprendre-les-paris-sur-la-boxe-article.html]
[web/les-sports-les-plus-populaires-ouverts-aux-paris-sportifs-article.html]
[web/la-gestion-de-sa-bankroll-lors-des-paris-sportifs-article.html]
[web/les-paris-gratuits-article.html]
[web/comprendre-les-paris-sur-les-tournois-de-flechettes-article.html]
[web/comprendre-les-paris-sur-les-autres-championnats-de-football-article.html]
[web/les-bases-des-pronostics-des-paris-sportifs-article.html]
[web/comment-maximiser-ses-gains-en-pariant-sur-le-sport-article.html]
[web/comprendre-les-paris-sur-le-tennis-article.html]
[web/les-avantages-dune-ouverture-de-compte-sur-plusieurs-bookmakers-en-ligne-article.html]
[web/comprendre-les-paris-sur-le-championnat-de-france-de-football-article.html]
[web/comprendre-les-paris-sur-le-foot-article.html]
[web/comprendre-les-paris-sur-le-basket-ball-article.html]
[web/comprendre-les-paris-sur-le-cricket-article.html]
[web/comprendre-les-paris-sur-les-sports-us-article.html]
[web/les-paris-avec-handicap-article.html]
[web/faq.html]
[web/sitemap.html]
[web/visit73a4.html]
[web/visitbcb3.html]
[web/visitb9b4.html]
[web/visit9aed.html]
[web/visit78cc.html]
[web/visitf663.html]
[web/visit55b9.html]
[web/schedule1.html]
[web/pokerstars.html]
[web/visitad26.html]
[web/bwinspbfrreview.html]
[web/visit8360.html]
[web/visit3409.html]
[web/visit6152.html]
[web/le-guide-du-pari-sportif-article.html]
[web/comment-choisir-le-meilleur-site-de-paris-sportifs-article.html]
[web/comprendre-les-paris-sur-les-sports-mecaniques-article.html]
[web/poker-quand-les-stars-du-sport-abattent-leurs-cartes.html]
[web/la-folie-nba-dans-le-monde-des-paris-en-ligne.html]
[web/competitions-internationales-lapogee-des-paris-sportifs.html]
[web/ce-quil-faut-faire-et-ne-pas-faire-dans-les-paris-sportifs-article.html]
[web/les-avantages-des-paris-en-ligne-article.html]
[web/lhistoire-des-paris-sportifs-article.html]
[web/comprendre-les-paris-sur-les-courses-hippiques-article.html]
[web/comprendre-les-paris-sur-le-snooker-article.html]
[web/comprendre-les-paris-sur-le-football-americain-article.html]
[web/strategies-de-paris-a-long-terme-article.html]
[web/1.html]
[web/2.html]
[web/visitfa36.html]
[web/visit35d1.html]
[web/visit934c.html]
[web/visit5dbf.html]
[web/visitabb8.html]
[web/visit91b2.html]
[web/visit108b.html]
[web/visit62d0.html]
[web/visitbf3a.html]
[web/visit370b.html]
[web/visit4b32.html]
[web/visitb0e3.html]
[web/visit3a61.html]
[web/3.html]
[web/pmuspbfrreview-2.html]
[web/visit836d.html]
[web/visit4b5f.html]
[web/visit3cd5.html]
[web/visit526d.html]
[web/visitc64f.html]
[web/visitb368.html]
[web/visit7ac7.html]
[web/visit6f37.html]
[web/visit4ff2.html]
[web/visit5417.html]
[web/visit9b4a.html]
[web/visit361e.html]
[web/cross-poker.html]
[web/bwin-poker.html]
[web/unibet-poker.html]
[web/winamax-poker.html]
[web/pmu-poker.html]
[web/featurecomparison.html]
[web/la-strategie-de-paris-combine-ou-parlay-article.html]
[web/comprendre-les-paris-sur-le-golf-article.html]
[web/larbitrage-de-paris-sportifs-article.html]
[web/comprendre-les-paris-sur-le-rugby-uide-et-conseils-article.html]
[web/comprendre-les-paris-sur-la-boxe-article.html]
[web/les-sports-les-plus-populaires-ouverts-aux-paris-sportifs-article.html]
[web/la-gestion-de-sa-bankroll-lors-des-paris-sportifs-article.html]
[web/les-paris-gratuits-article.html]
[web/comprendre-les-paris-sur-les-tournois-de-flechettes-article.html]
[web/comprendre-les-paris-sur-les-autres-championnats-de-football-article.html]
[web/les-bases-des-pronostics-des-paris-sportifs-article.html]
[web/comment-maximiser-ses-gains-en-pariant-sur-le-sport-article.html]
[web/comprendre-les-paris-sur-le-tennis-article.html]
[web/les-avantages-dune-ouverture-de-compte-sur-plusieurs-bookmakers-en-ligne-article.html]
[web/comprendre-les-paris-sur-le-championnat-de-france-de-football-article.html]
[web/comprendre-les-paris-sur-le-foot-article.html]
[web/comprendre-les-paris-sur-le-basket-ball-article.html]
[web/comprendre-les-paris-sur-le-cricket-article.html]
[web/comprendre-les-paris-sur-les-sports-us-article.html]
[web/les-paris-avec-handicap-article.html]
[web/faq.html]
[web/schedule1.html]
[web/visit1266.html]
[web/visitfcea.html]
[web/visit3b76.html]
[web/visit5a38.html]
[web/visite09e.html]
[web/visit3db8.html]
[web/1.html]
[web/3.html]
[web/visitc02a.html]
[web/visit1fc0.html]
[web/visitee5a.html]
[web/visit36a6.html]
[web/visit41cf.html]
[web/visit019d.html]
[web/visit44f7.html]
[web/visit08ee.html]
[web/visit7111.html]
[web/visit00b0.html]
[web/visitca4a.html]
[web/visit81ed.html]
[web/visit10e6.html]
[web/visit96fb.html]
[web/visitaddf.html]
[web/4.html]
[web/4.html]
