[web/index.html]
[backblue.gif]
[fade.gif]
[index.html]
[web/images/listimage-315x14-zebet.png]
[web/images/style.min61da.css]
[web/images/astra.woff]
[web/images/style.min40df.css]
[web/images/astra-addon-5ffee4c15b8a24-91907890de39.css]
[web/images/elementor-icons.min74e5.css]
[web/index-2.html]
[web/images/animations.min952b.css]
[web/images/frontend-legacy.min952b.css]
[web/images/frontend.min952b.css]
[web/images/post-4565a37.css]
[web/index-3.html]
[web/images/frontend.min677a.css]
[web/images/global5a37.css]
[web/images/post-457dc16.css]
[web/images/fontawesome.minb683.css]
[web/images/solid.minb683.css]
[web/index-4.html]
[web/images/457.json]
[web/images/xmlrpc0db0.php]
[web/images/wlwmanifest.xml]
[web/images/embed9702.json]
[web/images/embed3674]
[web/images/cropped-nicepng_gol-png_4176665-32x32.png]
[web/images/cropped-nicepng_gol-png_4176665-192x192.png]
[web/images/cropped-nicepng_gol-png_4176665-180x180.png]
[web/images/2.png]
[web/images/1-france-pari.png]
[web/images/315x140-pokerstarssport.png]
[web/images/315x140-betclic.png]
[web/images/315x140-unibet-green.png]
[web/images/315x140-winamax-ongray.png]
[web/images/315x140-pmu-sport.png]
[web/images/315x140-parionssport.png]
[web/images/1-logonetbet-500x240-1.png]
[web/images/style.min61da.js]
[web/images/astra-addon-5ffee4c15bc424-96077189de39.js]
[web/images/wp-embed.min40df.js]
[web/images/jquery.min9d52.js]
[web/images/jquery-migrate.mind617.js]
[web/images/frontend-modules.min952b.js]
[web/images/jquery.sticky.min677a.js]
[web/images/frontend.min677a.js]
[web/images/core.min35d0.js]
[web/images/dialog.mina288.js]
[web/images/waypoints.min05da.js]
[web/images/swiper.min48f5.js]
[web/images/share-link.min952b.js]
[web/index.html]
[web/images/style.min61da.css]
[web/images/style.min40df.css]
[web/images/astra-addon-5ffee4c15b8a24-91907890de39.css]
[web/images/frontend.min952b.js]
[web/images/eiconsc2cd.eot]
[web/images/eiconsc2cd.woff2]
[web/images/eiconsc2cd.woff]
[web/images/eiconsc2cd.ttf]
[web/images/elementor-icons.min74e5.css]
[web/images/animations.min952b.css]
[web/images/frontend-legacy.min952b.css]
[web/images/frontend.min952b.css]
[web/images/post-4565a37.css]
[web/images/frontend.min677a.css]
[web/images/global5a37.css]
[web/images/eiconsc2cd.svg]
[web/images/sports-betting-legald2.jpg]
[web/images/post-457dc16.css]
[web/images/fontawesome.minb683.css]
[web/images/fa-solid-900.woff2]
[web/images/fa-solid-900.eot]
[web/images/fa-solid-900d41d.eot]
[web/images/fa-solid-900.woff]
[web/images/fa-solid-900.ttf]
[web/images/solid.minb683.css]
[web/images/eiconsc2cd.svg]
[web/images/fa-solid-900.svg]
[web/images/fa-solid-900.svg]
