[indicanews.fr/index.html]
[backblue.gif]
[fade.gif]
[index.html]
[indicanews.fr/wp-content/uploads/2021/01/ListImage-315x14-Zebet.png]
[indicanews.fr/wp-content/themes/astra/assets/css/minified/style.min61da.css]
[indicanews.fr/wp-content/themes/astra/assets/fonts/astra.woff]
[indicanews.fr/wp-includes/css/dist/block-library/style.min40df.css]
[indicanews.fr/wp-content/uploads/astra-addon/astra-addon-5ffee4c15b8a24-91907890de39.css]
[indicanews.fr/wp-content/plugins/elementor/assets/lib/eicons/css/elementor-icons.min74e5.css]
[indicanews.fr/feed/index.html]
[indicanews.fr/wp-content/plugins/elementor/assets/lib/animations/animations.min952b.css]
[indicanews.fr/wp-content/plugins/elementor/assets/css/frontend-legacy.min952b.css]
[indicanews.fr/wp-content/plugins/elementor/assets/css/frontend.min952b.css]
[indicanews.fr/wp-content/uploads/elementor/css/post-4565a37.css]
[indicanews.fr/comments/feed/index.html]
[indicanews.fr/wp-content/plugins/elementor-pro/assets/css/frontend.min677a.css]
[indicanews.fr/wp-content/uploads/elementor/css/global5a37.css]
[indicanews.fr/wp-content/uploads/elementor/css/post-457dc16.css]
[indicanews.fr/wp-content/plugins/elementor/assets/lib/font-awesome/css/fontawesome.minb683.css]
[indicanews.fr/wp-content/plugins/elementor/assets/lib/font-awesome/css/solid.minb683.css]
[indicanews.fr/wp-json/index.html]
[indicanews.fr/wp-json/wp/v2/pages/457.json]
[indicanews.fr/xmlrpc0db0.php]
[indicanews.fr/wp-includes/wlwmanifest.xml]
[indicanews.fr/wp-json/oembed/1.0/embed9702.json]
[indicanews.fr/wp-json/oembed/1.0/embed3674]
[indicanews.fr/wp-content/uploads/2021/01/cropped-NicePng_gol-png_4176665-32x32.png]
[indicanews.fr/wp-content/uploads/2021/01/cropped-NicePng_gol-png_4176665-192x192.png]
[indicanews.fr/wp-content/uploads/2021/01/cropped-NicePng_gol-png_4176665-180x180.png]
[indicanews.fr/wp-content/uploads/2021/01/2.png]
[indicanews.fr/wp-content/uploads/2021/01/1-france-pari.png]
[indicanews.fr/wp-content/uploads/2021/01/315x140-pokerstarsSport.png]
[indicanews.fr/wp-content/uploads/2021/01/315x140-Betclic.png]
[indicanews.fr/wp-content/uploads/2021/01/315x140-Unibet-Green.png]
[indicanews.fr/wp-content/uploads/2021/01/315x140-Winamax-OnGray.png]
[indicanews.fr/wp-content/uploads/2021/01/315x140-PMU-Sport.png]
[indicanews.fr/wp-content/uploads/2021/01/315x140-ParionsSport.png]
[indicanews.fr/wp-content/uploads/2021/01/1-logonetbet-500x240-1.png]
[indicanews.fr/wp-content/themes/astra/assets/js/minified/style.min61da.js]
[indicanews.fr/wp-content/uploads/astra-addon/astra-addon-5ffee4c15bc424-96077189de39.js]
[indicanews.fr/wp-includes/js/wp-embed.min40df.js]
[indicanews.fr/wp-includes/js/jquery/jquery.min9d52.js]
[indicanews.fr/wp-includes/js/jquery/jquery-migrate.mind617.js]
[indicanews.fr/wp-content/plugins/elementor/assets/js/frontend-modules.min952b.js]
[indicanews.fr/wp-content/plugins/elementor-pro/assets/lib/sticky/jquery.sticky.min677a.js]
[indicanews.fr/wp-content/plugins/elementor-pro/assets/js/frontend.min677a.js]
[indicanews.fr/wp-includes/js/jquery/ui/core.min35d0.js]
[indicanews.fr/wp-content/plugins/elementor/assets/lib/dialog/dialog.mina288.js]
[indicanews.fr/wp-content/plugins/elementor/assets/lib/waypoints/waypoints.min05da.js]
[indicanews.fr/wp-content/plugins/elementor/assets/lib/swiper/swiper.min48f5.js]
[indicanews.fr/wp-content/plugins/elementor/assets/lib/share-link/share-link.min952b.js]
[indicanews.fr/index.html]
[indicanews.fr/wp-content/themes/astra/assets/css/minified/style.min61da.css]
[indicanews.fr/wp-includes/css/dist/block-library/style.min40df.css]
[indicanews.fr/wp-content/uploads/astra-addon/astra-addon-5ffee4c15b8a24-91907890de39.css]
[indicanews.fr/wp-content/plugins/elementor/assets/js/frontend.min952b.js]
[indicanews.fr/wp-content/plugins/elementor/assets/lib/eicons/fonts/eiconsc2cd.eot]
[indicanews.fr/wp-content/plugins/elementor/assets/lib/eicons/fonts/eiconsc2cd.woff2]
[indicanews.fr/wp-content/plugins/elementor/assets/lib/eicons/fonts/eiconsc2cd.woff]
[indicanews.fr/wp-content/plugins/elementor/assets/lib/eicons/fonts/eiconsc2cd.ttf]
[indicanews.fr/wp-content/plugins/elementor/assets/lib/eicons/css/elementor-icons.min74e5.css]
[indicanews.fr/wp-content/plugins/elementor/assets/lib/animations/animations.min952b.css]
[indicanews.fr/wp-content/plugins/elementor/assets/css/frontend-legacy.min952b.css]
[indicanews.fr/wp-content/plugins/elementor/assets/css/frontend.min952b.css]
[indicanews.fr/wp-content/uploads/elementor/css/post-4565a37.css]
[indicanews.fr/wp-content/plugins/elementor-pro/assets/css/frontend.min677a.css]
[indicanews.fr/wp-content/uploads/elementor/css/global5a37.css]
[indicanews.fr/wp-content/plugins/elementor/assets/lib/eicons/fonts/eiconsc2cd.svg]
[indicanews.fr/wp-content/uploads/2021/01/sports-betting-legalD2.jpg]
[indicanews.fr/wp-content/uploads/elementor/css/post-457dc16.css]
[indicanews.fr/wp-content/plugins/elementor/assets/lib/font-awesome/css/fontawesome.minb683.css]
[indicanews.fr/wp-content/plugins/elementor/assets/lib/font-awesome/webfonts/fa-solid-900.eot]
[indicanews.fr/wp-content/plugins/elementor/assets/lib/font-awesome/webfonts/fa-solid-900d41d.eot]
[indicanews.fr/wp-content/plugins/elementor/assets/lib/font-awesome/webfonts/fa-solid-900.woff2]
[indicanews.fr/wp-content/plugins/elementor/assets/lib/font-awesome/webfonts/fa-solid-900.woff]
[indicanews.fr/wp-content/plugins/elementor/assets/lib/font-awesome/webfonts/fa-solid-900.ttf]
[indicanews.fr/wp-content/plugins/elementor/assets/lib/font-awesome/css/solid.minb683.css]
[indicanews.fr/wp-content/plugins/elementor/assets/lib/eicons/fonts/eiconsc2cd.svg]
[indicanews.fr/wp-content/plugins/elementor/assets/lib/font-awesome/webfonts/fa-solid-900.svg]
[indicanews.fr/wp-content/plugins/elementor/assets/lib/font-awesome/webfonts/fa-solid-900.svg]
